\BOOKMARK [0][-]{chapter.1}{\376\377\000I\000n\000t\000r\000o\000d\000u\000c\000c\000i\000\363\000n}{}% 1
\BOOKMARK [0][-]{chapter.2}{\376\377\000F\000u\000n\000d\000a\000m\000e\000n\000t\000o\000\040\000T\000e\000\363\000r\000i\000c\000o}{}% 2
\BOOKMARK [1][-]{section.2.1}{\376\377\000R\000u\000n\000g\000e\000-\000K\000u\000t\000t\000a\000\040\000d\000e\000\040\000o\000r\000d\000e\000n\000\040\0002}{chapter.2}% 3
\BOOKMARK [1][-]{section.2.2}{\376\377\000R\000u\000n\000g\000e\000-\000K\000u\000t\000t\000a\000\040\000d\000e\000\040\000o\000r\000d\000e\000n\000\040\0004}{chapter.2}% 4
\BOOKMARK [0][-]{chapter.3}{\376\377\000S\000o\000l\000u\000c\000i\000o\000n\000e\000s\000\040\000A\000n\000a\000l\000\355\000t\000i\000c\000a\000s}{}% 5
\BOOKMARK [1][-]{section.3.1}{\376\377\000E\000D\000O\000\040\000d\000e\000\040\000P\000r\000i\000m\000e\000r\000\040\000O\000r\000d\000e\000n}{chapter.3}% 6
\BOOKMARK [1][-]{section.3.2}{\376\377\000E\000D\000O\000\040\000d\000e\000\040\000S\000e\000g\000u\000n\000d\000o\000\040\000O\000r\000d\000e\000n}{chapter.3}% 7
\BOOKMARK [1][-]{section.3.3}{\376\377\000S\000i\000s\000t\000e\000m\000a\000\040\000L\000i\000n\000e\000a\000l\000\040\0002\000x\0002}{chapter.3}% 8
\BOOKMARK [0][-]{chapter.4}{\376\377\000I\000m\000p\000l\000e\000m\000e\000n\000t\000a\000c\000i\000\363\000n\000\040\000N\000u\000m\000\351\000r\000i\000c\000a}{}% 9
\BOOKMARK [1][-]{section.4.1}{\376\377\000E\000s\000t\000r\000u\000c\000t\000u\000r\000a\000\040\000d\000e\000l\000\040\000C\000\363\000d\000i\000g\000o}{chapter.4}% 10
\BOOKMARK [0][-]{chapter.5}{\376\377\000R\000e\000s\000u\000l\000t\000a\000d\000o\000s\000\040\000N\000u\000m\000\351\000r\000i\000c\000o\000s\000\040\000y\000\040\000V\000a\000l\000i\000d\000a\000c\000i\000\363\000n}{}% 11
\BOOKMARK [1][-]{section.5.1}{\376\377\000C\000o\000m\000p\000a\000r\000a\000c\000i\000\363\000n\000\040\000G\000r\000\341\000f\000i\000c\000a}{chapter.5}% 12
\BOOKMARK [1][-]{section.5.2}{\376\377\000E\000s\000t\000i\000m\000a\000c\000i\000\363\000n\000\040\000d\000e\000\040\000E\000r\000r\000o\000r}{chapter.5}% 13
\BOOKMARK [1][-]{section.5.3}{\376\377\000S\000i\000s\000t\000e\000m\000a\000\040\000N\000o\000\040\000L\000i\000n\000e\000a\000l\000\040\000\050\000P\000\351\000n\000d\000u\000l\000o\000\040\000F\000o\000r\000z\000a\000d\000o\000\051}{chapter.5}% 14
\BOOKMARK [0][-]{chapter.6}{\376\377\000E\000s\000t\000u\000d\000i\000o\000\040\000d\000e\000\040\000C\000o\000n\000v\000e\000r\000g\000e\000n\000c\000i\000a}{}% 15
\BOOKMARK [0][-]{chapter.7}{\376\377\000D\000i\000s\000c\000u\000s\000i\000\363\000n\000\040\000y\000\040\000C\000o\000n\000c\000l\000u\000s\000i\000o\000n\000e\000s}{}% 16
\BOOKMARK [1][-]{section.7.1}{\376\377\000D\000i\000s\000c\000u\000s\000i\000\363\000n\000\040\000d\000e\000\040\000R\000e\000s\000u\000l\000t\000a\000d\000o\000s}{chapter.7}% 17
\BOOKMARK [1][-]{section.7.2}{\376\377\000C\000o\000n\000c\000l\000u\000s\000i\000o\000n\000e\000s}{chapter.7}% 18
\BOOKMARK [0][-]{appendix.Alph1}{\376\377\000C\000\341\000l\000c\000u\000l\000o\000s\000\040\000M\000a\000n\000u\000s\000c\000r\000i\000t\000o\000s}{}% 19
\BOOKMARK [0][-]{appendix.Alph2}{\376\377\000B\000i\000t\000\341\000c\000o\000r\000a\000\040\000d\000e\000\040\000I\000A}{}% 20
\BOOKMARK [0][-]{appendix.Alph3}{\376\377\000C\000\363\000d\000i\000g\000o\000\040\000F\000u\000e\000n\000t\000e\000\040\000\050\000P\000y\000t\000h\000o\000n\000\051}{}% 21
